<html>
<title>jspInit and jspDestroy</title>
<body>

Valid buffer size - "2048kb"
</body>
</html>