<html>
<head>
    <title>Class test</title>
</head>

<body>
Base name: JSPTest
, Inner name: Inner

</body>
</html>