<html>
<!--
-->
        
    <h1> The exception / by zero 
            occured. 
    </h1>
</body>
</html>