<html>
<title>402 error page</title>

<body>

<h2>This is the test error page for the 402 error </h2>

</body>
</html>