Included servlet error: 500
java.lang.IllegalStateException: getOutputStream() has already been called
!=
PreInclude
PostInclude
